Traceback (most recent call last):
  File "docs/experiments/E1/pre_dispatch/pd06_supervisor_amendment_publication_2026-09-17/prepare.py", line 82, in <module>
    import_ref(evidence(OLD/'PD06_AMENDMENT_CANDIDATE.json'))
  File "docs/experiments/E1/pre_dispatch/pd06_supervisor_amendment_publication_2026-09-17/prepare.py", line 68, in import_ref
    visit(value)
  File "docs/experiments/E1/pre_dispatch/pd06_supervisor_amendment_publication_2026-09-17/prepare.py", line 78, in visit
    for v in obj.values():visit(v)
  File "docs/experiments/E1/pre_dispatch/pd06_supervisor_amendment_publication_2026-09-17/prepare.py", line 78, in visit
    for v in obj.values():visit(v)
  File "docs/experiments/E1/pre_dispatch/pd06_supervisor_amendment_publication_2026-09-17/prepare.py", line 78, in visit
    for v in obj.values():visit(v)
  File "docs/experiments/E1/pre_dispatch/pd06_supervisor_amendment_publication_2026-09-17/prepare.py", line 76, in visit
    if set(obj)=={'path','sha256'}:import_ref(obj)
  File "docs/experiments/E1/pre_dispatch/pd06_supervisor_amendment_publication_2026-09-17/prepare.py", line 73, in import_ref
    if blob.exists():import_ref({'path':str(blob),'sha256':row['sha256']})
  File "docs/experiments/E1/pre_dispatch/pd06_supervisor_amendment_publication_2026-09-17/prepare.py", line 68, in import_ref
    visit(value)
  File "docs/experiments/E1/pre_dispatch/pd06_supervisor_amendment_publication_2026-09-17/prepare.py", line 78, in visit
    for v in obj.values():visit(v)
  File "docs/experiments/E1/pre_dispatch/pd06_supervisor_amendment_publication_2026-09-17/prepare.py", line 80, in visit
    for v in obj:visit(v)
  File "docs/experiments/E1/pre_dispatch/pd06_supervisor_amendment_publication_2026-09-17/prepare.py", line 76, in visit
    if set(obj)=={'path','sha256'}:import_ref(obj)
  File "docs/experiments/E1/pre_dispatch/pd06_supervisor_amendment_publication_2026-09-17/prepare.py", line 62, in import_ref
    p=Path(ref['path']);data=p.read_bytes();assert sha(data)==ref['sha256'],str(p)
AssertionError: AGENTS.md
