test_ACTIVE_cancelled (qualify_terminal.Predecessors) ... ok
test_INDETERMINATE (qualify_terminal.Predecessors) ... ok
test_action_even_denied_rejected (qualify_terminal.Predecessors) ... ok
test_active_ownership (qualify_terminal.Predecessors) ... ok
test_completed (qualify_terminal.Predecessors) ... ok
test_effecting_cancelled (qualify_terminal.Predecessors) ... ok
test_issued_INACTIVE_cancelled (qualify_terminal.Predecessors) ... ok
test_provider_request_uncertain (qualify_terminal.Predecessors) ... ok
test_surviving_scope (qualify_terminal.Predecessors) ... ok
test_uncertainty_cannot_be_hidden_by_CANCELLED (qualify_terminal.Predecessors) ... ok
test_unissued_not_accepted_by_terminal_mechanism (qualify_terminal.Predecessors) ... ok
test_unknown_fact (qualify_terminal.Predecessors) ... ok
test_exact_specific_grant (qualify_grant.Grant) ... ok
test_grant_is_not_self_attributing (qualify_grant.Grant) ... ok
test_prepared_and_missing_grant (qualify_grant.Grant) ... ok
test_wrong_release_ancestry_proposal_predecessor (qualify_grant.Grant) ... ok
test_A_cannot_reopen_and_B_cannot_replay (qualify_base.Composition) ... ok
test_audit_contention_fails_without_blocking (qualify_base.Composition) ... ok
test_bound_effecting_or_uncertain_predecessor_semantics (qualify_base.Composition) ... ok
test_budget_alarm_inside_locked_validation (qualify_base.Composition) ... ok
test_effecting_or_uncertain_predecessor_rejected (qualify_base.Composition) ... ok
test_integrated_A_closed_B_active_independent_recovery (qualify_base.Composition) ... ok
test_lifecycle_failure_not_hidden_by_telemetry (qualify_base.Composition) ... ok
test_no_claim_no_authority_and_missing_approval (qualify_base.Composition) ... ok
test_original_dispatch_substitution (qualify_base.Composition) ... ok
test_restart_after_ACTIVE (qualify_base.Composition) ... ok
test_restart_after_INACTIVE (qualify_base.Composition) ... ok
test_restart_after_dispatch_fact (qualify_base.Composition) ... ok
test_restart_after_intent (qualify_base.Composition) ... ok
test_restart_after_ownership (qualify_base.Composition) ... ok
test_restart_after_telemetry (qualify_base.Composition) ... ok
test_restart_after_validation (qualify_base.Composition) ... ok
test_status_concurrent_with_lifecycle (qualify_base.Composition) ... ok
test_substitution_rejected (qualify_base.Composition) ... ok
test_telemetry_failure_after_ACTIVE_does_not_rollback (qualify_base.Composition) ... ok
test_telemetry_failure_inside_transaction_cannot_fabricate_ACTIVE (qualify_base.Composition) ... ok
test_two_candidates_race_one_allocation (qualify_base.Composition) ... ok
test_two_different_successor_candidates_race (qualify_base.Composition) ... ok

----------------------------------------------------------------------
Ran 38 tests in 108.836s

OK
