test_ACTIVE_cancelled (qualify_terminal.Predecessors) ... ok
test_INDETERMINATE (qualify_terminal.Predecessors) ... ok
test_action_even_denied_rejected (qualify_terminal.Predecessors) ... ok
test_active_ownership (qualify_terminal.Predecessors) ... ok
test_completed (qualify_terminal.Predecessors) ... ok
test_effecting_cancelled (qualify_terminal.Predecessors) ... ok
test_issued_INACTIVE_cancelled (qualify_terminal.Predecessors) ... ok
test_provider_request_uncertain (qualify_terminal.Predecessors) ... ok
test_surviving_scope (qualify_terminal.Predecessors) ... ok
test_uncertainty_cannot_be_hidden_by_CANCELLED (qualify_terminal.Predecessors) ... ok
test_unissued_not_accepted_by_terminal_mechanism (qualify_terminal.Predecessors) ... ok
test_unknown_fact (qualify_terminal.Predecessors) ... ok
test_binding_substitution_before_dispatch_denied (qualify_session.Session) ... ok
test_complete_dispatcher_handoff_and_cancellation (qualify_session.Session) ... ok
test_failure_between_sessions_no_authority_lost (qualify_session.Session) ... ok
test_nested_session_guard_preserved (qualify_session.Session) ... ok
test_stale_active_projection_is_unknown (qualify_session.Session) ... ok
test_terminal_authority_dominates_stale_provisional_status (qualify_session.Session) ... ok
test_warning_persisted_under_transaction_without_nested_lock (qualify_session.Session) ... WARNING_TIMING {"append_and_fsync_seconds":0.029255743022076786,"created_monotonic":278834.412186546,"created_wall":1789751999.9723775,"creation_to_persistence_seconds":0.029283248004503548,"durable_monotonic":278834.441467178,"durable_wall":1789752000.0016587,"lock_wait_seconds":2.0401785150170326e-07,"warning_record_sha256":"fab5157b355383a20a2a09942e9f6a96f2c09cf8c199c894e4180d31a7d4f80f","warning_sequence":10}
ok
test_restart_boundary_to_model_and_terminal_projection (qualify_restart.Restart) ... ok
test_cancellation_at_major_pre_model_phases (qualify_restart.Restart) ... ok

----------------------------------------------------------------------
Ran 21 tests in 86.507s

OK
