{
  "result": "PASS",
  "independent_process": true,
  "enrollment": "CONTINUATION-ENROLLMENT-sha256:9864f482d436c2d4727d9f030d2560fccabd45308014c3fe5202f986c68f440d",
  "enrollment_file_sha256": "735ceb55bd763e505fd7d967b816e46272247ccd1d7d64028a4f4a6bf5613028",
  "eligibility": "ENROLLED_ELIGIBLE_FOR_ADOPTION",
  "R1_current": "sha256:1b31ac92d38952444076e3997083cf035e0862f1bc0182261826d6690ec31c15",
  "runtime_head": "RUNTIME-ADOPTION-EVENT-sha256:aa914837c69eb4ca9202e817a9de35f4065d3d56be8d237f828477d38227f9fd",
  "runtime_head_authority": "RUNTIME-HEAD-AUTHORITY-sha256:75e6b7f2b5867c6d04bf0eeefc66f0c148d3f3e15e776c0d9e2b20b6352a1a5d",
  "R3": "sha256:eebb05f30a4a64befeca7802990129ac79dff701dd192789fbdf59be2ec118ff",
  "R3_adopted": false,
  "R3_current": false,
  "S3": "READY",
  "negatives": [
    {
      "test": "enrollment_replay",
      "result": "REJECTED",
      "reason": "enrollment replay"
    },
    {
      "test": "qualification_cannot_adopt",
      "result": "REJECTED",
      "reason": "unknown logical authority identity; paths are not selectors"
    },
    {
      "test": "enrollment_decision_cannot_adopt",
      "result": "REJECTED",
      "reason": "unknown logical authority identity; paths are not selectors"
    },
    {
      "test": "candidate_cannot_self_adopt",
      "result": "REJECTED",
      "reason": "unknown logical authority identity; paths are not selectors"
    },
    {
      "test": "filesystem_presence_cannot_select_R3",
      "result": "REJECTED",
      "reason": "unaccounted runtime"
    },
    {
      "test": "caller_asserted_R3_head",
      "result": "REJECTED",
      "reason": "invocation runtime is not current adopted head"
    },
    {
      "test": "R2_cannot_substitute",
      "result": "REJECTED",
      "reason": "invocation runtime is not current adopted head"
    },
    {
      "test": "different_candidate_cannot_use_enrollment",
      "result": "REJECTED",
      "reason": "absent or mismatched enrollment"
    },
    {
      "test": "raw_Markdown_remains_rejected",
      "result": "REJECTED",
      "reason": "Expecting value: line 1 column 1 (char 0)"
    }
  ],
  "original_runtime_bootstrap_journals_unchanged": true,
  "enrollment_event_count": 1,
  "enrollment_journal_sha256": "54d7683904b03c2d592b976ee7afb47479038cfec2750cd7a9e7c1e825026190",
  "seconds": 6.8253459589905106,
  "r13_created": false,
  "model_requests": 0,
  "E1_effects": 0
}
