test_actual_predecessor_chain_under_synthetic_current_activation_and_dispatch (__main__.Integrated) ... ok
test_binding_substitution_before_dispatch_denied (__main__.Integrated) ... ok
test_complete_dispatcher_handoff_and_cancellation (__main__.Integrated) ... ok
test_dispatching_projection_from_authoritative_ACTIVE (__main__.Integrated) ... ACTIVE_STATUS {"action_requests":{"accepted":0,"denied":0,"pending":0},"action_results":0,"activity_freshness":"FRESH","activity_is_progress":false,"authoritative_effects":0,"authority_basis":{"audit_sha256":"94b975b74f7230e26197236f45844d3afba66bd1bfba76f0114a236554089f47","ledger_sha256":"92eeb955b01d5fd904854e4121c3c9932ecdbdd9e43b675f46b0a8bf68abf559","lifecycle_event":"E1-AUTHORIZATION-LIFECYCLE-sha256:4c18acbda4cacbb25ee48038e6f45f2a1da15df52ab377164eb1793e0451e36c"},"authority_freshness":"FRESH","authorization_state":"ACTIVE","budget_state":{},"current_subphase":"reasoning_construction","cycle":0,"executions":0,"freshness":"FRESH","handoff_eligible":false,"identity":{"authorization_id":"projection-fixture","invocation_id":"projection-turn","session_id":"projection-session","work_package_id":"G5-NON-IMPLEMENTATION"},"last_event_age":0.28006625175476074,"last_substantive_progress":null,"latest_safe_event":"span_start","lifecycle_state":"ACTIVE","live_telemetry_freshness":"FRESH","model_requests":0,"operational_state":"DISPATCHING","outstanding_operation":"reasoning_construction","ownership":"OWNERSHIP_HELD","progress_age":1.6569418907165527,"projection_generated":1789760012.7972353,"projection_seconds":0.248715665016789,"reported_cumulative_tokens":null,"responses":0,"schema":"E1-RECONCILED-OPERATOR-STATUS-1","source_sequence":10,"state":"ACTIVE","subphase_start":1789760012.5169473,"supervisor_readiness":"UNKNOWN","terminal_disposition":null,"token_budget_state":"USAGE_UNKNOWN","token_ceiling_enforced":false,"uncertainty":null,"usage_state":"USAGE_UNKNOWN"}
ok
test_failure_between_sessions_no_authority_lost (__main__.Integrated) ... ok
test_live_all_phases_with_exact_ownership (__main__.Integrated) ... INTENT_STATUS [{"activity_freshness":"UNKNOWN","activity_reason":"NO_TIMING_EVIDENCE","activity_uncertainty":"STALE_OR_ABSENT_LIVE_ACTIVITY_SOURCE","authority_basis":{"audit_sha256":"60edf286215650c540820553f14464b2459b52ebfe8d86d7781af0a588feeae8","ledger_sha256":"e3b0c44298fc1c149afbf4c8996fb92427ae41e4649b934ca495991b7852b855","lifecycle_event":null},"authority_freshness":"FRESH","authorization_state":"INACTIVE","current_subphase":"UNKNOWN","freshness":"FRESH","handoff_eligible":false,"lifecycle_state":"INACTIVE","live_telemetry_freshness":null,"operational_state":"INACTIVE","outstanding_operation":"UNKNOWN","ownership":"NONE","projection_generated":1789760021.4270337,"projection_seconds":0.1818788999808021,"schema":"E1-RECONCILED-OPERATOR-STATUS-1","state":"INACTIVE","uncertainty":null},{"action_requests":{"accepted":0,"denied":0,"pending":0},"action_results":0,"activity_freshness":"FRESH","activity_is_progress":false,"authoritative_effects":0,"authority_basis":{"audit_sha256":"7df427ebda72c09fb23424ce23b2ad9b7e151f84380f124c42726c0e6d6f560f","ledger_sha256":"e3b0c44298fc1c149afbf4c8996fb92427ae41e4649b934ca495991b7852b855","lifecycle_event":"E1-AUTHORIZATION-LIFECYCLE-sha256:7769bacae0d383f6cf621688e74906741f5ae535ceff5fdf788022fffc4775c1"},"authority_freshness":"FRESH","authorization_state":"INACTIVE","budget_state":{},"current_subphase":null,"cycle":0,"executions":0,"freshness":"FRESH","handoff_eligible":false,"identity":{"authorization_id":"projection-fixture","invocation_id":"projection-turn","session_id":"projection-session","work_package_id":"G5-NON-IMPLEMENTATION"},"last_event_age":1.189159631729126,"last_substantive_progress":null,"latest_safe_event":"invocation_start","lifecycle_state":"INACTIVE","live_telemetry_freshness":"FRESH","model_requests":0,"operational_state":"ACTIVATING","outstanding_operation":null,"ownership":"NONE","progress_age":1.189159631729126,"projection_generated":1789760022.620141,"projection_seconds":0.22227390500484034,"reported_cumulative_tokens":null,"responses":0,"schema":"E1-RECONCILED-OPERATOR-STATUS-1","source_sequence":1,"state":"INACTIVE","subphase_start":null,"supervisor_readiness":"UNKNOWN","terminal_disposition":null,"token_budget_state":"USAGE_UNKNOWN","token_ceiling_enforced":false,"uncertainty":"LIFECYCLE_RECONCILIATION_REQUIRED","usage_state":"USAGE_UNKNOWN"}]
ok
test_nested_session_guard_preserved (__main__.Integrated) ... ok
test_ownership_gating_survives_restart_and_cancellation (__main__.Integrated) ... ok
test_stale_active_projection_is_unknown (__main__.Integrated) ... ok
test_terminal_authority_dominates_stale_provisional_status (__main__.Integrated) ... ok
test_warning_persisted_under_transaction_without_nested_lock (__main__.Integrated) ... WARNING_TIMING {"append_and_fsync_seconds":0.028134243038948625,"created_monotonic":286878.371961142,"created_wall":1789760043.9321523,"creation_to_persistence_seconds":0.028165802010335028,"durable_monotonic":286878.400125152,"durable_wall":1789760043.9603164,"lock_wait_seconds":2.480228431522846e-07,"warning_record_sha256":"565b9b21a77591c611db80a96da598439edd19614aa189e9a1358a086b31a541","warning_sequence":10}
ok
test_competing_tuple_blocks (__main__.Ownership) ... ok
test_duplicate_or_self_ancestry (__main__.Ownership) ... ok
test_duplicate_reservations_rejected (__main__.Ownership) ... ok
test_each_predecessor_owner_blocks (__main__.Ownership) ... ok
test_exact_current_owner_is_attribution_not_handoff (__main__.Ownership) ... ok
test_intent_owned_remains_uncertain (__main__.Ownership) ... ok
test_lifecycle_reservation_exact (__main__.Ownership) ... ok
test_reservation_substitution_rejected (__main__.Ownership) ... ok
test_restart_owner_attribution_and_release (__main__.Ownership) ... ok
test_scope_attribution (__main__.Ownership) ... ok
test_unknown_owner_blocks (__main__.Ownership) ... ok
test_unowned_initial (__main__.Ownership) ... ok
test_wrong_lifecycle_blocks (__main__.Ownership) ... ok

----------------------------------------------------------------------
Ran 24 tests in 76.588s

OK
