test_actual_predecessor_chain_under_synthetic_current_activation_and_dispatch (__main__.Integrated) ... ok
test_binding_substitution_before_dispatch_denied (__main__.Integrated) ... ok
test_complete_dispatcher_handoff_and_cancellation (__main__.Integrated) ... ok
test_dispatching_projection_from_authoritative_ACTIVE (__main__.Integrated) ... ACTIVE_STATUS {"action_requests":{"accepted":0,"denied":0,"pending":0},"action_results":0,"activity_freshness":"FRESH","activity_is_progress":false,"authoritative_effects":0,"authority_basis":{"audit_sha256":"89f4cfdf81fdf2b52cf42124fd4130b1b08c07dd9f598edcda712f43c410bcaf","ledger_sha256":"b3af2f797954a5731d30fceadaa75e5d9fbf71ab34919626492b345d5df0ad25","lifecycle_event":"E1-AUTHORIZATION-LIFECYCLE-sha256:d521e82ab49bfef0a43c578a170a772efaa6f0d0b8c24ee29950ea79a507e5bd"},"authority_freshness":"FRESH","authorization_state":"ACTIVE","budget_state":{},"current_subphase":"reasoning_construction","cycle":0,"executions":0,"freshness":"FRESH","handoff_eligible":false,"identity":{"authorization_id":"projection-fixture","invocation_id":"projection-turn","session_id":"projection-session","work_package_id":"G5-NON-IMPLEMENTATION"},"last_event_age":0.13932275772094727,"last_substantive_progress":null,"latest_safe_event":"span_start","lifecycle_state":"ACTIVE","live_telemetry_freshness":"FRESH","model_requests":0,"operational_state":"DISPATCHING","outstanding_operation":"reasoning_construction","ownership":"OWNERSHIP_HELD","progress_age":0.954878568649292,"projection_generated":1789764234.9627097,"projection_seconds":0.11582415696466342,"reported_cumulative_tokens":null,"responses":0,"schema":"E1-RECONCILED-OPERATOR-STATUS-1","source_sequence":10,"state":"ACTIVE","subphase_start":1789764234.8231714,"supervisor_readiness":"UNKNOWN","terminal_disposition":null,"token_budget_state":"USAGE_UNKNOWN","token_ceiling_enforced":false,"uncertainty":null,"usage_state":"USAGE_UNKNOWN"}
ok
test_failure_between_sessions_no_authority_lost (__main__.Integrated) ... ok
test_live_all_phases_with_exact_ownership (__main__.Integrated) ... INTENT_STATUS [{"activity_freshness":"UNKNOWN","activity_reason":"NO_TIMING_EVIDENCE","activity_uncertainty":"STALE_OR_ABSENT_LIVE_ACTIVITY_SOURCE","authority_basis":{"audit_sha256":"9b45b86cdf848485c15a35909d6effbd8710a0212aa9b81960ddf1d515b47248","ledger_sha256":"e3b0c44298fc1c149afbf4c8996fb92427ae41e4649b934ca495991b7852b855","lifecycle_event":null},"authority_freshness":"FRESH","authorization_state":"INACTIVE","current_subphase":"UNKNOWN","freshness":"FRESH","handoff_eligible":false,"lifecycle_state":"INACTIVE","live_telemetry_freshness":null,"operational_state":"INACTIVE","outstanding_operation":"UNKNOWN","ownership":"NONE","projection_generated":1789764241.3539116,"projection_seconds":0.08261921897064894,"schema":"E1-RECONCILED-OPERATOR-STATUS-1","state":"INACTIVE","uncertainty":null},{"action_requests":{"accepted":0,"denied":0,"pending":0},"action_results":0,"activity_freshness":"FRESH","activity_is_progress":false,"authoritative_effects":0,"authority_basis":{"audit_sha256":"0c0d76a9e969ea2b6f72603718580fbf7a31dd25316c0206b3519d277232b825","ledger_sha256":"e3b0c44298fc1c149afbf4c8996fb92427ae41e4649b934ca495991b7852b855","lifecycle_event":"E1-AUTHORIZATION-LIFECYCLE-sha256:19aea29bc1d25267e51d377c8a67127792a99e617a9c2bee2838826abc09d110"},"authority_freshness":"FRESH","authorization_state":"INACTIVE","budget_state":{},"current_subphase":null,"cycle":0,"executions":0,"freshness":"FRESH","handoff_eligible":false,"identity":{"authorization_id":"projection-fixture","invocation_id":"projection-turn","session_id":"projection-session","work_package_id":"G5-NON-IMPLEMENTATION"},"last_event_age":0.6278784275054932,"last_substantive_progress":null,"latest_safe_event":"invocation_start","lifecycle_state":"INACTIVE","live_telemetry_freshness":"FRESH","model_requests":0,"operational_state":"ACTIVATING","outstanding_operation":null,"ownership":"NONE","progress_age":0.6278784275054932,"projection_generated":1789764241.9843597,"projection_seconds":0.10382491099881008,"reported_cumulative_tokens":null,"responses":0,"schema":"E1-RECONCILED-OPERATOR-STATUS-1","source_sequence":1,"state":"INACTIVE","subphase_start":null,"supervisor_readiness":"UNKNOWN","terminal_disposition":null,"token_budget_state":"USAGE_UNKNOWN","token_ceiling_enforced":false,"uncertainty":"LIFECYCLE_RECONCILIATION_REQUIRED","usage_state":"USAGE_UNKNOWN"}]
ok
test_nested_session_guard_preserved (__main__.Integrated) ... ok
test_ownership_gating_survives_restart_and_cancellation (__main__.Integrated) ... ok
test_stale_active_projection_is_unknown (__main__.Integrated) ... ok
test_terminal_authority_dominates_stale_provisional_status (__main__.Integrated) ... ok
test_warning_persisted_under_transaction_without_nested_lock (__main__.Integrated) ... WARNING_TIMING {"append_and_fsync_seconds":0.027854369953274727,"created_monotonic":291091.651244374,"created_wall":1789764257.2114356,"creation_to_persistence_seconds":0.027890798985026777,"durable_monotonic":291091.679133439,"durable_wall":1789764257.2393246,"lock_wait_seconds":2.789893187582493e-07,"warning_record_sha256":"987a09fa4b66106b4650ce95ed6edfe7801f36a65d05e666bd974d112f05e3ed","warning_sequence":10}
ok
test_competing_tuple_blocks (__main__.Ownership) ... ok
test_duplicate_or_self_ancestry (__main__.Ownership) ... ok
test_duplicate_reservations_rejected (__main__.Ownership) ... ok
test_each_predecessor_owner_blocks (__main__.Ownership) ... ok
test_exact_current_owner_is_attribution_not_handoff (__main__.Ownership) ... ok
test_intent_owned_remains_uncertain (__main__.Ownership) ... ok
test_lifecycle_reservation_exact (__main__.Ownership) ... ok
test_reservation_substitution_rejected (__main__.Ownership) ... ok
test_restart_owner_attribution_and_release (__main__.Ownership) ... ok
test_scope_attribution (__main__.Ownership) ... ok
test_unknown_owner_blocks (__main__.Ownership) ... ok
test_unowned_initial (__main__.Ownership) ... ok
test_wrong_lifecycle_blocks (__main__.Ownership) ... ok

----------------------------------------------------------------------
Ran 24 tests in 53.541s

OK
