test_blocking_phase_is_interrupted (adapter.tests.test_run_control.BudgetTests) ... ok
test_budget_closure_blocks_independent_production_admission (adapter.tests.test_run_control.BudgetTests) ... ok
test_cycle_phase_invocation_count_tokens (adapter.tests.test_run_control.BudgetTests) ... ok
test_equivalent_progress_and_usage (adapter.tests.test_run_control.BudgetTests) ... ok
test_fresh_and_stale_status (adapter.tests.test_run_control.BudgetTests) ... ok
test_mutable_governance_age_is_not_refreshed_by_activity (adapter.tests.test_run_control.BudgetTests) ... ok
test_no_progress_soft_hard_and_restart (adapter.tests.test_run_control.BudgetTests) ... ok
test_reordered_or_substituted_timing_rejected (adapter.tests.test_run_control.BudgetTests) ... ok
test_unresolved_request_never_replayed (adapter.tests.test_run_control.BudgetTests) ... ok
test_all_nine_contracts_and_runtime_boundaries (adapter.tests.test_run_control.InteractionTests) ... ok
test_correction_multicycle_and_incomplete (adapter.tests.test_run_control.InteractionTests) ... ok
test_diagnostics_do_not_echo_protected_material (adapter.tests.test_run_control.InteractionTests) ... ok
test_provider_timeout_preserves_remote_uncertainty (adapter.tests.test_run_control.InteractionTests) ... ok
test_budget_interrupts_execution_and_reconciles_without_retry (adapter.tests.test_run_control.LifecycleTests) ... ok
test_cancel_releases_and_independent_reconstruction (adapter.tests.test_run_control.LifecycleTests) ... ok
test_denials_and_malformed (adapter.tests.test_orchestrator.ProtocolTests) ... ok
test_prose_and_unknown (adapter.tests.test_orchestrator.ProtocolTests) ... ok
test_typed_read_write_exec_and_replay (adapter.tests.test_orchestrator.ProtocolTests) ... ok
test_identity_supervisor_path_replay_and_terminal_result (adapter.tests.test_production_exec.ProductionExecTests) ... ok
test_interruption_status_waits_for_terminal_action_audit (adapter.tests.test_production_exec.ProductionExecTests) ... ok
test_mismatched_scope_and_direct_legacy_are_denied (adapter.tests.test_production_exec.ProductionExecTests) ... ok
test_model_facing_schema_and_mapping (adapter.tests.test_production_exec.ProductionExecTests) ... ok
test_result_before_quiescence_blocks_second_action (adapter.tests.test_production_exec.ProductionExecTests) ... ok
test_start_barrier_prevents_payload_before_release (adapter.tests.test_production_exec.ProductionExecTests) ... ok
test_supervisor_loss_is_indeterminate_and_fail_closed (adapter.tests.test_production_exec.ProductionExecTests) ... ok
test_active_and_uncertain_scope_require_live_evidence (adapter.tests.test_recovery_ledger.RecoveryLedgerTests) ... ok
test_contradictory_result_digest_fails_closed (adapter.tests.test_recovery_ledger.RecoveryLedgerTests) ... ok
test_rejected_unknown_action_remains_rejected_after_restart (adapter.tests.test_recovery_ledger.RecoveryLedgerTests) ... ok
test_restart_replays_exact_result_and_rejects_changed_request_or_grant (adapter.tests.test_recovery_ledger.RecoveryLedgerTests) ... ok
test_effective_profile_protects_evidence_and_denies_self_expansion (adapter.tests.test_programmer_substrate.ProgrammerSubstrateTests) ... ok
test_execution_snapshot_omits_protected_source_and_has_no_promotion (adapter.tests.test_programmer_substrate.ProgrammerSubstrateTests) ... ok
test_explicit_snapshot_inputs_reject_protected_and_symlink_paths (adapter.tests.test_programmer_substrate.ProgrammerSubstrateTests) ... ok
test_list_search_are_bounded_by_read_grant (adapter.tests.test_programmer_substrate.ProgrammerSubstrateTests) ... ok
test_registry_rejects_unregistered_execution_and_scope_injection (adapter.tests.test_programmer_substrate.ProgrammerSubstrateTests) ... ok
test_stateless_continuation_requires_authorized_finish (adapter.tests.test_programmer_substrate.ProgrammerSubstrateTests) ... ok
test_synthetic_committed_projection (adapter.tests.test_context_projection.ContextProjectionTests) ... ok
test_ACTIVE_needs_live_ownership_for_host (adapter.tests.test_authorization_lifecycle.AuthorizationLifecycleTests) ... ok
test_active_restart (adapter.tests.test_authorization_lifecycle.AuthorizationLifecycleTests) ... ok
test_active_without_event (adapter.tests.test_authorization_lifecycle.AuthorizationLifecycleTests) ... ok
test_context_task_profile_mismatch (adapter.tests.test_authorization_lifecycle.AuthorizationLifecycleTests) ... ok
test_corrupt_binding_and_validation_event (adapter.tests.test_authorization_lifecycle.AuthorizationLifecycleTests) ... ok
test_direct_effect_without_owner_is_denied (adapter.tests.test_authorization_lifecycle.AuthorizationLifecycleTests) ... ok
test_duplicate_evidence_is_non_effecting (adapter.tests.test_authorization_lifecycle.AuthorizationLifecycleTests) ... ok
test_inactive_restart (adapter.tests.test_authorization_lifecycle.AuthorizationLifecycleTests) ... ok
test_missing_ownership_rejected (adapter.tests.test_authorization_lifecycle.AuthorizationLifecycleTests) ... ok
test_no_PASS_checklist_entrypoint (adapter.tests.test_authorization_lifecycle.AuthorizationLifecycleTests) ... ok
test_original_record_mutation (adapter.tests.test_authorization_lifecycle.AuthorizationLifecycleTests) ... ok
test_replay_competing_controller_denied (adapter.tests.test_authorization_lifecycle.AuthorizationLifecycleTests) ... ok
test_terminal_and_revoked_predecessors_denied (adapter.tests.test_authorization_lifecycle.AuthorizationLifecycleTests) ... ok
test_truncated_audit (adapter.tests.test_authorization_lifecycle.AuthorizationLifecycleTests) ... ok
test_valid_preserves_original_and_owns_before_ACTIVE (adapter.tests.test_authorization_lifecycle.AuthorizationLifecycleTests) ... ok
test_wrong_reference_and_identity (adapter.tests.test_authorization_lifecycle.AuthorizationLifecycleTests) ... ok
test_append_only_consumption_correction_ancestry (adapter.tests.test_supervisor_amendment.AmendmentTests) ... ok
test_host_receipt_exact_spec_and_launcher (adapter.tests.test_supervisor_amendment.AmendmentTests) ... ok
test_host_receipt_requires_separate_host_grant (adapter.tests.test_supervisor_amendment.AmendmentTests) ... ok
test_independent_restart_reconstructs_decisions (adapter.tests.test_supervisor_amendment.AmendmentTests) ... ok
test_invalid_material_amendment (adapter.tests.test_supervisor_amendment.AmendmentTests) ... ok
test_missing_dispatch_amendment (adapter.tests.test_supervisor_amendment.AmendmentTests) ... ok
test_missing_material_amendment (adapter.tests.test_supervisor_amendment.AmendmentTests) ... ok
test_no_amendment_self_authorizes_S2 (adapter.tests.test_supervisor_amendment.AmendmentTests) ... ok
test_original_dispatch_cannot_cross_alone (adapter.tests.test_supervisor_amendment.AmendmentTests) ... ok
test_original_release_keeps_S1 (adapter.tests.test_supervisor_amendment.AmendmentTests) ... ok
test_separate_attributable_host_authorization (adapter.tests.test_supervisor_amendment.AmendmentTests) ... ok
test_substitution_replay_and_reordering (adapter.tests.test_supervisor_amendment.AmendmentTests) ... ok
test_valid_amendment_without_specific_succession_blocks (adapter.tests.test_supervisor_amendment.AmendmentTests) ... ok
test_valid_release_and_dispatch (adapter.tests.test_supervisor_amendment.AmendmentTests) ... ok
test_wrong_dispatch_scope (adapter.tests.test_supervisor_amendment.AmendmentTests) ... ok
test_wrong_original_dispatch_does_not_inherit (adapter.tests.test_supervisor_amendment.AmendmentTests) ... ok
test_wrong_release_authority (adapter.tests.test_supervisor_amendment.AmendmentTests) ... ok
test_activation_ownership_handoff_recovery_synthetic (adapter.tests.test_controller_authority_store.ControllerAuthorityStoreTests) ... ok
test_governed_finish_terminal_audit_uses_private_authority (adapter.tests.test_controller_authority_store.ControllerAuthorityStoreTests) ... ok
test_incomplete_provenance_stale_and_store_in_grant (adapter.tests.test_controller_authority_store.ControllerAuthorityStoreTests) ... ok
test_logical_profile_dispatch_provisioning_and_restart (adapter.tests.test_controller_authority_store.ControllerAuthorityStoreTests) ... ok
test_payload_namespace_cannot_reach_store (adapter.tests.test_controller_authority_store.ControllerAuthorityStoreTests) ... ok
test_private_resolution_through_governed_exec_and_quiescence (adapter.tests.test_controller_authority_store.ControllerAuthorityStoreTests) ... ok
test_production_cannot_fall_back_to_repository (adapter.tests.test_controller_authority_store.ControllerAuthorityStoreTests) ... ok
test_programmer_and_snapshot_and_transmission_denied (adapter.tests.test_controller_authority_store.ControllerAuthorityStoreTests) ... ok
test_repository_substitution_does_not_select_authority (adapter.tests.test_controller_authority_store.ControllerAuthorityStoreTests) ... ok
test_unknown_path_missing_hash_and_catalog_substitution (adapter.tests.test_controller_authority_store.ControllerAuthorityStoreTests) ... ok
test_committed_two_root_dispatcher_qualification (adapter.tests.test_pd05_file_authority.PD05FileAuthorityTests) ... ok
test_committed_boundaries (adapter.tests.test_pd06_release_boundaries.ReleaseBoundaryTests) ... ok
test_synthetic_ancestry_and_negatives (adapter.tests.test_versioned_ancestry.VersionedAncestryTests) ... ok

----------------------------------------------------------------------
Ran 82 tests in 121.128s

OK
