[0;1;39mnetplan-ovs-cleanup.service: Failed to open /run/systemd/system/netplan-ovs-cleanup.service: Permission denied[0m
[0;1;38;5;185m/lib/systemd/system/snapd.service:23: Unknown key name 'RestartMode' in section 'Service', ignoring.[0m
[0;1;38;5;185m/usr/lib/systemd/system/grafana-server.service:42: Unknown key name 'ProtectProc' in section 'Service', ignoring.[0m
[0;1;31mFailed to bind to varlink socket: Address already in use[0m
[0;1;38;5;185mFailed to set up Varlink server, ignoring: Address already in use[0m
snap-core22-2139.mount: Unit is bound to inactive unit dev-loop12.device. Stopping, too.
snap-wine\x2dplatform\x2d6\x2dstable-19.mount: Unit is bound to inactive unit dev-loop44.device. Stopping, too.
snap-snapd-25577.mount: Unit is bound to inactive unit dev-loop43.device. Stopping, too.
snap-mesa\x2d2404-887.mount: Unit is bound to inactive unit dev-loop38.device. Stopping, too.
snap-core20-2682.mount: Unit is bound to inactive unit dev-loop11.device. Stopping, too.
snap-microk8s-7963.mount: Unit is bound to inactive unit dev-loop40.device. Stopping, too.
snap-libreoffice-344.mount: Unit is bound to inactive unit dev-loop35.device. Stopping, too.
snap-core20-2669.mount: Unit is bound to inactive unit dev-loop10.device. Stopping, too.
snap-ffmpeg-1286.mount: Unit is bound to inactive unit dev-loop18.device. Stopping, too.
snap-core18-2976.mount: Unit is bound to inactive unit dev-loop9.device. Stopping, too.
snap-gnome\x2d42\x2d2204-226.mount: Unit is bound to inactive unit dev-loop26.device. Stopping, too.
snap-gtk\x2dcommon\x2dthemes-1535.mount: Unit is bound to inactive unit dev-loop32.device. Stopping, too.
snap-core18-2959.mount: Unit is bound to inactive unit dev-loop8.device. Stopping, too.
snap-mesa\x2d2404-495.mount: Unit is bound to inactive unit dev-loop37.device. Stopping, too.
snap-aws\x2dcli-1753.mount: Unit is bound to inactive unit dev-loop0.device. Stopping, too.
snap-aws\x2dcli-1758.mount: Unit is bound to inactive unit dev-loop1.device. Stopping, too.
snap-gedit-684.mount: Unit is bound to inactive unit dev-loop19.device. Stopping, too.
snap-chromium-3196.mount: Unit is bound to inactive unit dev-loop5.device. Stopping, too.
snap-wine\x2dplatform\x2druntime-399.mount: Unit is bound to inactive unit dev-loop46.device. Stopping, too.
snap-google\x2dcloud\x2dsdk-624.mount: Unit is bound to inactive unit dev-loop29.device. Stopping, too.
snap-canonical\x2dlivepatch-333.mount: Unit is bound to inactive unit dev-loop3.device. Stopping, too.
snap-snapd-25202.mount: Unit is bound to inactive unit dev-loop42.device. Stopping, too.
snap-kate-206.mount: Unit is bound to inactive unit dev-loop33.device. Stopping, too.
snap-gh-502.mount: Unit is bound to inactive unit dev-loop21.device. Stopping, too.
snap-core24-1225.mount: Unit is bound to inactive unit dev-loop15.device. Stopping, too.
snap-xmind-34.mount: Unit is bound to inactive unit dev-loop48.device. Stopping, too.
snap-gnome\x2d46\x2d2404-125.mount: Unit is bound to inactive unit dev-loop27.device. Stopping, too.
snap-core24-1196.mount: Unit is bound to inactive unit dev-loop14.device. Stopping, too.
snap-lxd-32662.mount: Unit is bound to inactive unit dev-loop36.device. Stopping, too.
snap-kate-207.mount: Unit is bound to inactive unit dev-loop34.device. Stopping, too.
