[0;1;39mnetplan-ovs-cleanup.service: Failed to open /run/systemd/system/netplan-ovs-cleanup.service: Permission denied[0m
[0;1;38;5;185m/lib/systemd/system/snapd.service:23: Unknown key name 'RestartMode' in section 'Service', ignoring.[0m
[0;1;38;5;185m/usr/lib/systemd/system/grafana-server.service:42: Unknown key name 'ProtectProc' in section 'Service', ignoring.[0m
[0;1;31mFailed to bind to varlink socket: Operation not permitted[0m
[0;1;38;5;185mFailed to set up Varlink server, ignoring: Operation not permitted[0m
[0;1;31mconnect() failed: Operation not permitted[0m
[0;1;31mconnect() failed: Operation not permitted[0m
[0;1;31mconnect() failed: Operation not permitted[0m
[0;1;31mconnect() failed: Operation not permitted[0m
[0;1;31mconnect() failed: Operation not permitted[0m
[0;1;31mconnect() failed: Operation not permitted[0m
[0;1;31mconnect() failed: Operation not permitted[0m
[0;1;31mconnect() failed: Operation not permitted[0m
[0;1;31mconnect() failed: Operation not permitted[0m
[0;1;31mconnect() failed: Operation not permitted[0m
[0;1;31mconnect() failed: Operation not permitted[0m
[0;1;31mconnect() failed: Operation not permitted[0m
[0;1;31mconnect() failed: Operation not permitted[0m
[0;1;31mconnect() failed: Operation not permitted[0m
[0;1;31mconnect() failed: Operation not permitted[0m
[0;1;31mconnect() failed: Operation not permitted[0m
[0;1;31mconnect() failed: Operation not permitted[0m
[0;1;31mconnect() failed: Operation not permitted[0m
[0;1;31mconnect() failed: Operation not permitted[0m
[0;1;31mconnect() failed: Operation not permitted[0m
[0;1;31mconnect() failed: Operation not permitted[0m
[0;1;31mconnect() failed: Operation not permitted[0m
[0;1;31mconnect() failed: Operation not permitted[0m
[0;1;31mconnect() failed: Operation not permitted[0m
[0;1;31mconnect() failed: Operation not permitted[0m
[0;1;31mconnect() failed: Operation not permitted[0m
[0;1;31mconnect() failed: Operation not permitted[0m
[0;1;31mconnect() failed: Operation not permitted[0m
[0;1;31mconnect() failed: Operation not permitted[0m
[0;1;31mconnect() failed: Operation not permitted[0m
[0;1;31mconnect() failed: Operation not permitted[0m
[0;1;31mconnect() failed: Operation not permitted[0m
[0;1;31mconnect() failed: Operation not permitted[0m
[0;1;31mconnect() failed: Operation not permitted[0m
[0;1;31mconnect() failed: Operation not permitted[0m
[0;1;31mconnect() failed: Operation not permitted[0m
[0;1;31mconnect() failed: Operation not permitted[0m
[0;1;31mconnect() failed: Operation not permitted[0m
[0;1;31mconnect() failed: Operation not permitted[0m
[0;1;31mconnect() failed: Operation not permitted[0m
[0;1;31mconnect() failed: Operation not permitted[0m
[0;1;31mconnect() failed: Operation not permitted[0m
[0;1;31mconnect() failed: Operation not permitted[0m
[0;1;31mconnect() failed: Operation not permitted[0m
[0;1;31mconnect() failed: Operation not permitted[0m
[0;1;31mconnect() failed: Operation not permitted[0m
[0;1;31mconnect() failed: Operation not permitted[0m
[0;1;31mconnect() failed: Operation not permitted[0m
[0;1;31mconnect() failed: Operation not permitted[0m
[0;1;31mconnect() failed: Operation not permitted[0m
[0;1;31mconnect() failed: Operation not permitted[0m
[0;1;31mconnect() failed: Operation not permitted[0m
[0;1;31mconnect() failed: Operation not permitted[0m
[0;1;31mconnect() failed: Operation not permitted[0m
[0;1;31mconnect() failed: Operation not permitted[0m
[0;1;31mconnect() failed: Operation not permitted[0m
[0;1;31mconnect() failed: Operation not permitted[0m
[0;1;31mconnect() failed: Operation not permitted[0m
[0;1;31mconnect() failed: Operation not permitted[0m
[0;1;31mconnect() failed: Operation not permitted[0m
[0;1;31mconnect() failed: Operation not permitted[0m
[0;1;31mconnect() failed: Operation not permitted[0m
[0;1;31mconnect() failed: Operation not permitted[0m
[0;1;31mconnect() failed: Operation not permitted[0m
[0;1;31mconnect() failed: Operation not permitted[0m
[0;1;31mconnect() failed: Operation not permitted[0m
[0;1;31mconnect() failed: Operation not permitted[0m
[0;1;31mconnect() failed: Operation not permitted[0m
[0;1;31mconnect() failed: Operation not permitted[0m
[0;1;31mconnect() failed: Operation not permitted[0m
[0;1;31mconnect() failed: Operation not permitted[0m
[0;1;31mconnect() failed: Operation not permitted[0m
[0;1;31mconnect() failed: Operation not permitted[0m
[0;1;31mconnect() failed: Operation not permitted[0m
[0;1;31mconnect() failed: Operation not permitted[0m
[0;1;31mconnect() failed: Operation not permitted[0m
[0;1;31mconnect() failed: Operation not permitted[0m
[0;1;31mconnect() failed: Operation not permitted[0m
[0;1;31mconnect() failed: Operation not permitted[0m
[0;1;31mconnect() failed: Operation not permitted[0m
[0;1;31mconnect() failed: Operation not permitted[0m
[0;1;31mconnect() failed: Operation not permitted[0m
[0;1;31mconnect() failed: Operation not permitted[0m
[0;1;31mconnect() failed: Operation not permitted[0m
