{
  "result": "PASS",
  "independent_process": true,
  "binding": {
    "runtime_head_authority": "RUNTIME-HEAD-AUTHORITY-sha256:75e6b7f2b5867c6d04bf0eeefc66f0c148d3f3e15e776c0d9e2b20b6352a1a5d",
    "ordinary_integration": "ORDINARY-ADOPTION-INTEGRATION-sha256:ef490b7073371ca1480c3d9fe1de8f56aa64657ac70097d53a68a5733ac1b8b8",
    "runtime": "sha256:eebb05f30a4a64befeca7802990129ac79dff701dd192789fbdf59be2ec118ff",
    "head_event": "ENROLLED-RUNTIME-EVENT-sha256:5cb0043b593b440945ee4da5a184cbf0e64a560c7b2d5564ec27faff51153bb6"
  },
  "self_hosting": {
    "runtime_head_authority": "RUNTIME-HEAD-AUTHORITY-sha256:75e6b7f2b5867c6d04bf0eeefc66f0c148d3f3e15e776c0d9e2b20b6352a1a5d",
    "ordinary_integration": "ORDINARY-ADOPTION-INTEGRATION-sha256:ef490b7073371ca1480c3d9fe1de8f56aa64657ac70097d53a68a5733ac1b8b8",
    "runtime": "sha256:eebb05f30a4a64befeca7802990129ac79dff701dd192789fbdf59be2ec118ff",
    "head_event": "ENROLLED-RUNTIME-EVENT-sha256:5cb0043b593b440945ee4da5a184cbf0e64a560c7b2d5564ec27faff51153bb6",
    "executing_root": "/tmp/forge-r3-ordinary-4pm01a8l/r3"
  },
  "release_authority": "E1-RELEASE-AUTHORITY-sha256:bb1808a5ffbd720cd8447db29dc7946dbc7e50f336d4ca6c809ea82b321b3e30",
  "context": {
    "OperationalContextId": "E1-OPERATIONAL-CONTEXT-sha256:1ab699d479fb2086981b30074384cb2e2144241c7f009fd5edec146d53606d39",
    "ReleaseBasisId": "E1-RELEASE-BASIS-sha256:bc176574817f6b7fe06fdcf87a71c57b2a8bfe74e55ed20f2aa55ad5d4fa5181",
    "ReleaseDecisionId": "E1-RELEASE-DECISION-sha256:43ab22254604a29f3cf2164152803ee5f689f7540e2006c43d27ded87d83d8c0",
    "continuation_chain_digest": "2933203c93cc4cf19170cfe51400b20a1e302ba92735767861f0251cad5a38d6"
  },
  "S3": "READY",
  "enrollment_mode": "0600",
  "enrollment_sha256": "54d7683904b03c2d592b976ee7afb47479038cfec2750cd7a9e7c1e825026190",
  "adoption_journal_sha256": "ef5156073b7bb9432b2ff35ca1ef34c3a928c381094260bc1b170220e4d255a6",
  "seconds": 3.894046993984375,
  "real_model_requests": 0,
  "E1_effects": 0
}
