{
  "qualification_only_view": true,
  "historical_invocation_not_rebound": true,
  "real_invocations_created": 0,
  "model_requests": 0,
  "E1_effects": 0,
  "selected_store": {
    "root": "/tmp/r3-readonly-production-context-rjezngj_/store",
    "catalog_sha256": "6981914e39c94f8aeb7d6fe154ca71cc88b755e808cb40c4403eef5b9834c43d",
    "applicability": {
      "OperationalContextId": "E1-OPERATIONAL-CONTEXT-sha256:1ab699d479fb2086981b30074384cb2e2144241c7f009fd5edec146d53606d39",
      "ReleaseBasisId": "E1-RELEASE-BASIS-sha256:bc176574817f6b7fe06fdcf87a71c57b2a8bfe74e55ed20f2aa55ad5d4fa5181",
      "ReleaseDecisionId": "E1-RELEASE-DECISION-sha256:43ab22254604a29f3cf2164152803ee5f689f7540e2006c43d27ded87d83d8c0",
      "authorization_id": "auth-e1-wp-001-r12-86af4f6e7bb64eb384108dec11692c86",
      "continuation_chain_digest": "2933203c93cc4cf19170cfe51400b20a1e302ba92735767861f0251cad5a38d6",
      "enrollment_delegation": "CONTINUATION-ENROLLMENT-DELEGATION-sha256:628fba9f2c21c71cda120f8f244ca865c0329f63dd398ee0cf03c0071b8b178a",
      "ordinary_integration": "ORDINARY-ADOPTION-INTEGRATION-sha256:ef490b7073371ca1480c3d9fe1de8f56aa64657ac70097d53a68a5733ac1b8b8"
    }
  },
  "result": "BLOCKED",
  "error": "AuthorityDenied: unknown logical authority identity; paths are not selectors",
  "seconds": 26.636123223986942
}
