test_actual_predecessor_chain_under_synthetic_current_activation_and_dispatch (__main__.Integrated) ... ok
test_binding_substitution_before_dispatch_denied (__main__.Integrated) ... ok
test_complete_dispatcher_handoff_and_cancellation (__main__.Integrated) ... ok
test_dispatching_projection_from_authoritative_ACTIVE (__main__.Integrated) ... ACTIVE_STATUS {"action_requests":{"accepted":0,"denied":0,"pending":0},"action_results":0,"activity_freshness":"FRESH","activity_is_progress":false,"authoritative_effects":0,"authority_basis":{"audit_sha256":"6395b76b9e8370c6581afbbc6a3d3b38201799a47b99eac3e8a167881faea78c","ledger_sha256":"928782b3af04cbe5173cc985bc9960241f1c95297a32f693d719f09899e35260","lifecycle_event":"E1-AUTHORIZATION-LIFECYCLE-sha256:b7191cfb6c75e33361bb161b560c9b7d2bca5e2dfb4b4e0a68e1b6477c210800"},"authority_freshness":"FRESH","authorization_state":"ACTIVE","budget_state":{},"current_subphase":"reasoning_construction","cycle":0,"executions":0,"freshness":"FRESH","handoff_eligible":false,"identity":{"authorization_id":"projection-fixture","invocation_id":"projection-turn","session_id":"projection-session","work_package_id":"G5-NON-IMPLEMENTATION"},"last_event_age":0.26757025718688965,"last_substantive_progress":null,"latest_safe_event":"span_start","lifecycle_state":"ACTIVE","live_telemetry_freshness":"FRESH","model_requests":0,"operational_state":"DISPATCHING","outstanding_operation":"reasoning_construction","ownership":"OWNERSHIP_HELD","progress_age":1.560176134109497,"projection_generated":1789758756.1739724,"projection_seconds":0.24371334596071392,"reported_cumulative_tokens":null,"responses":0,"schema":"E1-RECONCILED-OPERATOR-STATUS-1","source_sequence":10,"subphase_start":1789758755.906184,"supervisor_readiness":"UNKNOWN","terminal_disposition":null,"token_budget_state":"USAGE_UNKNOWN","token_ceiling_enforced":false,"uncertainty":null,"usage_state":"USAGE_UNKNOWN"}
ok
test_failure_between_sessions_no_authority_lost (__main__.Integrated) ... ok
test_live_all_phases_with_exact_ownership (__main__.Integrated) ... INTENT_STATUS [{"activity_freshness":"UNKNOWN","activity_uncertainty":"STALE_OR_ABSENT_LIVE_ACTIVITY_SOURCE","authority_basis":{"audit_sha256":"30aa0b65c4df985423403d3fa411f67c366eeae0e4d44d98f64a8f947a2d7657","ledger_sha256":"e3b0c44298fc1c149afbf4c8996fb92427ae41e4649b934ca495991b7852b855","lifecycle_event":null},"authority_freshness":"FRESH","authorization_state":"INACTIVE","current_subphase":"UNKNOWN","freshness":"FRESH","handoff_eligible":false,"lifecycle_state":"INACTIVE","live_telemetry_freshness":null,"operational_state":"INACTIVE","outstanding_operation":"UNKNOWN","ownership":"NONE","projection_generated":1789758764.7397058,"projection_seconds":0.19057154800975695,"reason":"NO_TIMING_EVIDENCE","schema":"E1-RECONCILED-OPERATOR-STATUS-1","state":"UNKNOWN","uncertainty":null},{"action_requests":{"accepted":0,"denied":0,"pending":0},"action_results":0,"activity_freshness":"FRESH","activity_is_progress":false,"authoritative_effects":0,"authority_basis":{"audit_sha256":"b95071ddcbc3c856eea88c3b524c5dee0f43cbbaeedb1c24f428cd0420fcb601","ledger_sha256":"e3b0c44298fc1c149afbf4c8996fb92427ae41e4649b934ca495991b7852b855","lifecycle_event":"E1-AUTHORIZATION-LIFECYCLE-sha256:157bc11e8adfc4531af0e1fc3acc97be056291c4a8ce0bee6f956ef41b0d2bd5"},"authority_freshness":"FRESH","authorization_state":"INACTIVE","budget_state":{},"current_subphase":null,"cycle":0,"executions":0,"freshness":"FRESH","handoff_eligible":false,"identity":{"authorization_id":"projection-fixture","invocation_id":"projection-turn","session_id":"projection-session","work_package_id":"G5-NON-IMPLEMENTATION"},"last_event_age":1.2885382175445557,"last_substantive_progress":null,"latest_safe_event":"invocation_start","lifecycle_state":"INACTIVE","live_telemetry_freshness":"FRESH","model_requests":0,"operational_state":"ACTIVATING","outstanding_operation":null,"ownership":"ACTIVATING","progress_age":1.2885382175445557,"projection_generated":1789758766.0322785,"projection_seconds":0.22445609397254884,"reported_cumulative_tokens":null,"responses":0,"schema":"E1-RECONCILED-OPERATOR-STATUS-1","source_sequence":1,"subphase_start":null,"supervisor_readiness":"UNKNOWN","terminal_disposition":null,"token_budget_state":"USAGE_UNKNOWN","token_ceiling_enforced":false,"uncertainty":"LIFECYCLE_RECONCILIATION_REQUIRED","usage_state":"USAGE_UNKNOWN"}]
ok
test_nested_session_guard_preserved (__main__.Integrated) ... ok
test_ownership_gating_survives_restart_and_cancellation (__main__.Integrated) ... ok
test_stale_active_projection_is_unknown (__main__.Integrated) ... ok
test_terminal_authority_dominates_stale_provisional_status (__main__.Integrated) ... ok
test_warning_persisted_under_transaction_without_nested_lock (__main__.Integrated) ... WARNING_TIMING {"append_and_fsync_seconds":0.054215089010540396,"created_monotonic":285620.926422755,"created_wall":1789758786.4866142,"creation_to_persistence_seconds":0.05424317700089887,"durable_monotonic":285620.980664635,"durable_wall":1789758786.5408561,"lock_wait_seconds":1.9598519429564476e-07,"warning_record_sha256":"5f6c276a13ea8973a37a8f53f9379d24d3a57fe79a18936f1769e26e1aeda36b","warning_sequence":10}
ok
test_competing_tuple_blocks (__main__.Ownership) ... ok
test_duplicate_or_self_ancestry (__main__.Ownership) ... ok
test_duplicate_reservations_rejected (__main__.Ownership) ... ok
test_each_predecessor_owner_blocks (__main__.Ownership) ... ok
test_exact_current_owner_is_attribution_not_handoff (__main__.Ownership) ... ok
test_intent_owned_remains_uncertain (__main__.Ownership) ... ok
test_lifecycle_reservation_exact (__main__.Ownership) ... ok
test_reservation_substitution_rejected (__main__.Ownership) ... ok
test_restart_owner_attribution_and_release (__main__.Ownership) ... ok
test_scope_attribution (__main__.Ownership) ... ok
test_unknown_owner_blocks (__main__.Ownership) ... ok
test_unowned_initial (__main__.Ownership) ... ok
test_wrong_lifecycle_blocks (__main__.Ownership) ... ok

----------------------------------------------------------------------
Ran 24 tests in 72.661s

OK
