test_actual_predecessor_chain_under_synthetic_current_activation_and_dispatch (__main__.Integrated) ... ok
test_binding_substitution_before_dispatch_denied (__main__.Integrated) ... ok
test_complete_dispatcher_handoff_and_cancellation (__main__.Integrated) ... ok
test_dispatching_projection_from_authoritative_ACTIVE (__main__.Integrated) ... ACTIVE_STATUS {"action_requests":{"accepted":0,"denied":0,"pending":0},"action_results":0,"activity_freshness":"FRESH","activity_is_progress":false,"authoritative_effects":0,"authority_basis":{"audit_sha256":"a379ed0c4a5b4717f0383676c4aaaaeb7ee01105fda156322136d1ebf513e201","ledger_sha256":"d7dada2840ff2ce7096b4e0964f75c346603f2324453c5f19cda48069593907e","lifecycle_event":"E1-AUTHORIZATION-LIFECYCLE-sha256:c69f67a495b742769f9e594d9bf71c8f6220067473a7a06bff0df049169544f0"},"authority_freshness":"FRESH","authorization_state":"ACTIVE","budget_state":{},"current_subphase":"reasoning_construction","cycle":0,"executions":0,"freshness":"FRESH","handoff_eligible":false,"identity":{"authorization_id":"projection-fixture","invocation_id":"projection-turn","session_id":"projection-session","work_package_id":"G5-NON-IMPLEMENTATION"},"last_event_age":0.2760202884674072,"last_substantive_progress":null,"latest_safe_event":"span_start","lifecycle_state":"ACTIVE","live_telemetry_freshness":"FRESH","model_requests":0,"operational_state":"DISPATCHING","outstanding_operation":"reasoning_construction","ownership":"OWNERSHIP_HELD","progress_age":1.6362779140472412,"projection_generated":1789759920.5728512,"projection_seconds":0.252714675036259,"reported_cumulative_tokens":null,"responses":0,"schema":"E1-RECONCILED-OPERATOR-STATUS-1","source_sequence":10,"subphase_start":1789759920.2966073,"supervisor_readiness":"UNKNOWN","terminal_disposition":null,"token_budget_state":"USAGE_UNKNOWN","token_ceiling_enforced":false,"uncertainty":null,"usage_state":"USAGE_UNKNOWN"}
ok
test_failure_between_sessions_no_authority_lost (__main__.Integrated) ... ok
test_live_all_phases_with_exact_ownership (__main__.Integrated) ... INTENT_STATUS [{"activity_freshness":"UNKNOWN","activity_uncertainty":"STALE_OR_ABSENT_LIVE_ACTIVITY_SOURCE","authority_basis":{"audit_sha256":"34f2c7c46e5dffdf45566ce1589d4d8bd2555beb84959462910d21388a8eb8e5","ledger_sha256":"e3b0c44298fc1c149afbf4c8996fb92427ae41e4649b934ca495991b7852b855","lifecycle_event":null},"authority_freshness":"FRESH","authorization_state":"INACTIVE","current_subphase":"UNKNOWN","freshness":"FRESH","handoff_eligible":false,"lifecycle_state":"INACTIVE","live_telemetry_freshness":null,"operational_state":"INACTIVE","outstanding_operation":"UNKNOWN","ownership":"NONE","projection_generated":1789759929.101697,"projection_seconds":0.19052239402662963,"reason":"NO_TIMING_EVIDENCE","schema":"E1-RECONCILED-OPERATOR-STATUS-1","state":"UNKNOWN","uncertainty":null},{"action_requests":{"accepted":0,"denied":0,"pending":0},"action_results":0,"activity_freshness":"FRESH","activity_is_progress":false,"authoritative_effects":0,"authority_basis":{"audit_sha256":"78fe90a9a3ce58f6a9ce1d816075633f3ada74a7b8a9adfb37058cf249f69281","ledger_sha256":"e3b0c44298fc1c149afbf4c8996fb92427ae41e4649b934ca495991b7852b855","lifecycle_event":"E1-AUTHORIZATION-LIFECYCLE-sha256:09b04d861cf5ad214f4a62ac9c5d992409063054b73db1617321a73073190fe6"},"authority_freshness":"FRESH","authorization_state":"INACTIVE","budget_state":{},"current_subphase":null,"cycle":0,"executions":0,"freshness":"FRESH","handoff_eligible":false,"identity":{"authorization_id":"projection-fixture","invocation_id":"projection-turn","session_id":"projection-session","work_package_id":"G5-NON-IMPLEMENTATION"},"last_event_age":1.2016897201538086,"last_substantive_progress":null,"latest_safe_event":"invocation_start","lifecycle_state":"INACTIVE","live_telemetry_freshness":"FRESH","model_requests":0,"operational_state":"ACTIVATING","outstanding_operation":null,"ownership":"ACTIVATING","progress_age":1.2016897201538086,"projection_generated":1789759930.3073833,"projection_seconds":0.2269176800036803,"reported_cumulative_tokens":null,"responses":0,"schema":"E1-RECONCILED-OPERATOR-STATUS-1","source_sequence":1,"subphase_start":null,"supervisor_readiness":"UNKNOWN","terminal_disposition":null,"token_budget_state":"USAGE_UNKNOWN","token_ceiling_enforced":false,"uncertainty":"LIFECYCLE_RECONCILIATION_REQUIRED","usage_state":"USAGE_UNKNOWN"}]
ok
test_nested_session_guard_preserved (__main__.Integrated) ... ok
test_ownership_gating_survives_restart_and_cancellation (__main__.Integrated) ... ok
test_stale_active_projection_is_unknown (__main__.Integrated) ... ok
test_terminal_authority_dominates_stale_provisional_status (__main__.Integrated) ... ok
test_warning_persisted_under_transaction_without_nested_lock (__main__.Integrated) ... WARNING_TIMING {"append_and_fsync_seconds":0.1370105830137618,"created_monotonic":286789.633598902,"created_wall":1789759955.1937902,"creation_to_persistence_seconds":0.13703844498377293,"durable_monotonic":286789.770635707,"durable_wall":1789759955.330827,"lock_wait_seconds":2.1205050870776176e-07,"warning_record_sha256":"76ce8167feb734c63d7af6318f4f809a81ca1d23e742e015e8121d539786e895","warning_sequence":10}
ok
test_competing_tuple_blocks (__main__.Ownership) ... ok
test_duplicate_or_self_ancestry (__main__.Ownership) ... ok
test_duplicate_reservations_rejected (__main__.Ownership) ... ok
test_each_predecessor_owner_blocks (__main__.Ownership) ... ok
test_exact_current_owner_is_attribution_not_handoff (__main__.Ownership) ... ok
test_intent_owned_remains_uncertain (__main__.Ownership) ... ok
test_lifecycle_reservation_exact (__main__.Ownership) ... ok
test_reservation_substitution_rejected (__main__.Ownership) ... ok
test_restart_owner_attribution_and_release (__main__.Ownership) ... ok
test_scope_attribution (__main__.Ownership) ... ok
test_unknown_owner_blocks (__main__.Ownership) ... ok
test_unowned_initial (__main__.Ownership) ... ok
test_wrong_lifecycle_blocks (__main__.Ownership) ... ok

----------------------------------------------------------------------
Ran 24 tests in 84.481s

OK
