test_A_cannot_reopen_and_B_cannot_replay (qualify_base.Composition) ... ok
test_audit_contention_fails_without_blocking (qualify_base.Composition) ... ok
test_bound_effecting_or_uncertain_predecessor_semantics (qualify_base.Composition) ... ok
test_budget_alarm_inside_locked_validation (qualify_base.Composition) ... ok
test_effecting_or_uncertain_predecessor_rejected (qualify_base.Composition) ... ok
test_integrated_A_closed_B_active_independent_recovery (qualify_base.Composition) ... ok
test_lifecycle_failure_not_hidden_by_telemetry (qualify_base.Composition) ... ok
test_no_claim_no_authority_and_missing_approval (qualify_base.Composition) ... ok
test_original_dispatch_substitution (qualify_base.Composition) ... ok
test_restart_after_ACTIVE (qualify_base.Composition) ... ok
test_restart_after_INACTIVE (qualify_base.Composition) ... ok
test_restart_after_dispatch_fact (qualify_base.Composition) ... ok
test_restart_after_intent (qualify_base.Composition) ... ok
test_restart_after_ownership (qualify_base.Composition) ... ok
test_restart_after_telemetry (qualify_base.Composition) ... ok
test_restart_after_validation (qualify_base.Composition) ... ok
test_status_concurrent_with_lifecycle (qualify_base.Composition) ... ok
test_substitution_rejected (qualify_base.Composition) ... ok
test_telemetry_failure_after_ACTIVE_does_not_rollback (qualify_base.Composition) ... ok
test_telemetry_failure_inside_transaction_cannot_fabricate_ACTIVE (qualify_base.Composition) ... ok
test_two_candidates_race_one_allocation (qualify_base.Composition) ... ok
test_two_different_successor_candidates_race (qualify_base.Composition) ... ok

----------------------------------------------------------------------
Ran 22 tests in 105.191s

OK
