test_blocking_phase_is_interrupted (adapter.tests.test_run_control.BudgetTests) ... ok
test_budget_closure_blocks_independent_production_admission (adapter.tests.test_run_control.BudgetTests) ... ok
test_cycle_phase_invocation_count_tokens (adapter.tests.test_run_control.BudgetTests) ... ok
test_equivalent_progress_and_usage (adapter.tests.test_run_control.BudgetTests) ... ok
test_fresh_and_stale_status (adapter.tests.test_run_control.BudgetTests) ... ok
test_mutable_governance_age_is_not_refreshed_by_activity (adapter.tests.test_run_control.BudgetTests) ... ok
test_no_progress_soft_hard_and_restart (adapter.tests.test_run_control.BudgetTests) ... ok
test_reordered_or_substituted_timing_rejected (adapter.tests.test_run_control.BudgetTests) ... ok
test_unresolved_request_never_replayed (adapter.tests.test_run_control.BudgetTests) ... ok
test_all_nine_contracts_and_runtime_boundaries (adapter.tests.test_run_control.InteractionTests) ... ok
test_correction_multicycle_and_incomplete (adapter.tests.test_run_control.InteractionTests) ... ok
test_diagnostics_do_not_echo_protected_material (adapter.tests.test_run_control.InteractionTests) ... ok
test_provider_timeout_preserves_remote_uncertainty (adapter.tests.test_run_control.InteractionTests) ... ok
test_budget_interrupts_execution_and_reconciles_without_retry (adapter.tests.test_run_control.LifecycleTests) ... ok
test_cancel_releases_and_independent_reconstruction (adapter.tests.test_run_control.LifecycleTests) ... ok
test_ACTIVE_needs_live_ownership_for_host (adapter.tests.test_authorization_lifecycle.AuthorizationLifecycleTests) ... ok
test_active_restart (adapter.tests.test_authorization_lifecycle.AuthorizationLifecycleTests) ... ok
test_active_without_event (adapter.tests.test_authorization_lifecycle.AuthorizationLifecycleTests) ... ok
test_context_task_profile_mismatch (adapter.tests.test_authorization_lifecycle.AuthorizationLifecycleTests) ... ok
test_corrupt_binding_and_validation_event (adapter.tests.test_authorization_lifecycle.AuthorizationLifecycleTests) ... ok
test_direct_effect_without_owner_is_denied (adapter.tests.test_authorization_lifecycle.AuthorizationLifecycleTests) ... ok
test_duplicate_evidence_is_non_effecting (adapter.tests.test_authorization_lifecycle.AuthorizationLifecycleTests) ... ok
test_inactive_restart (adapter.tests.test_authorization_lifecycle.AuthorizationLifecycleTests) ... ok
test_missing_ownership_rejected (adapter.tests.test_authorization_lifecycle.AuthorizationLifecycleTests) ... ok
test_no_PASS_checklist_entrypoint (adapter.tests.test_authorization_lifecycle.AuthorizationLifecycleTests) ... ok
test_original_record_mutation (adapter.tests.test_authorization_lifecycle.AuthorizationLifecycleTests) ... ok
test_replay_competing_controller_denied (adapter.tests.test_authorization_lifecycle.AuthorizationLifecycleTests) ... ok
test_terminal_and_revoked_predecessors_denied (adapter.tests.test_authorization_lifecycle.AuthorizationLifecycleTests) ... ok
test_truncated_audit (adapter.tests.test_authorization_lifecycle.AuthorizationLifecycleTests) ... ok
test_valid_preserves_original_and_owns_before_ACTIVE (adapter.tests.test_authorization_lifecycle.AuthorizationLifecycleTests) ... ok
test_wrong_reference_and_identity (adapter.tests.test_authorization_lifecycle.AuthorizationLifecycleTests) ... ok
test_activation_ownership_handoff_recovery_synthetic (adapter.tests.test_controller_authority_store.ControllerAuthorityStoreTests) ... ok
test_governed_finish_terminal_audit_uses_private_authority (adapter.tests.test_controller_authority_store.ControllerAuthorityStoreTests) ... ok
test_incomplete_provenance_stale_and_store_in_grant (adapter.tests.test_controller_authority_store.ControllerAuthorityStoreTests) ... ok
test_logical_profile_dispatch_provisioning_and_restart (adapter.tests.test_controller_authority_store.ControllerAuthorityStoreTests) ... ok
test_payload_namespace_cannot_reach_store (adapter.tests.test_controller_authority_store.ControllerAuthorityStoreTests) ... FAIL
test_private_resolution_through_governed_exec_and_quiescence (adapter.tests.test_controller_authority_store.ControllerAuthorityStoreTests) ... ok
test_production_cannot_fall_back_to_repository (adapter.tests.test_controller_authority_store.ControllerAuthorityStoreTests) ... ok
test_programmer_and_snapshot_and_transmission_denied (adapter.tests.test_controller_authority_store.ControllerAuthorityStoreTests) ... ok
test_repository_substitution_does_not_select_authority (adapter.tests.test_controller_authority_store.ControllerAuthorityStoreTests) ... ok
test_unknown_path_missing_hash_and_catalog_substitution (adapter.tests.test_controller_authority_store.ControllerAuthorityStoreTests) ... ok

======================================================================
FAIL: test_payload_namespace_cannot_reach_store (adapter.tests.test_controller_authority_store.ControllerAuthorityStoreTests)
----------------------------------------------------------------------
Traceback (most recent call last):
  File "/tmp/forge-r10-session-482j76gq/adapter/tests/test_controller_authority_store.py", line 195, in test_payload_namespace_cannot_reach_store
    self.assertEqual(result.returncode, 0, result.stderr.decode())
AssertionError: 1 != 0 : bwrap: loopback: Failed to create NETLINK_ROUTE socket: Operation not permitted


----------------------------------------------------------------------
Ran 41 tests in 93.813s

FAILED (failures=1)
